[1m[92m    Checking[0m mini-elf-toolchain v0.1.0 (/home/runner/work/mini-elf-toolchain/mini-elf-toolchain)
[1m[91merror[0m[1m: this `if` can be collapsed into the outer `match`[0m
   [1m[94m--> [0msrc/bin/mini-elf-lsda-relative.rs:142:17
    [1m[94m|[0m
[1m[94m142[0m [1m[94m|[0m [1m[91m/[0m                 if rela_dyn.replace((index, header)).is_some() {
[1m[94m143[0m [1m[94m|[0m [1m[91m|[0m                     return Err("multiple .rela.dyn sections are unsupported".to_owned());
[1m[94m144[0m [1m[94m|[0m [1m[91m|[0m                 }
    [1m[94m|[0m [1m[91m|_________________^[0m
    [1m[94m|[0m
    [1m[94m= [0m[1mhelp[0m: for further information visit https://rust-lang.github.io/rust-clippy/rust-1.98.0/index.html#collapsible_match
    [1m[94m= [0m[1mnote[0m: `-D clippy::collapsible-match` implied by `-D warnings`
    [1m[94m= [0m[1mhelp[0m: to override `-D warnings` add `#[allow(clippy::collapsible_match)]`
[1m[96mhelp[0m: collapse nested if block
    [1m[94m|[0m
[1m[94m141[0m [92m~ [0m            ".rela.dyn"
[1m[94m142[0m [92m~ [0m                if rela_dyn.replace((index, header)).is_some() [92m=> [0m{
[1m[94m143[0m [1m[94m|[0m                     return Err("multiple .rela.dyn sections are unsupported".to_owned());
[1m[94m144[0m [92m~ [0m                }
    [1m[94m|[0m

[1m[91merror[0m: could not compile `mini-elf-toolchain` (bin "mini-elf-lsda-relative") due to 1 previous error
[1m[33mwarning[0m: build failed, waiting for other jobs to finish...
